<?xml version="1.0" encoding="utf-8"?>
<TestRun id="f26a396a-8210-446b-9c1e-26ed162de86a" name="@igors-MacBook-Pro 2022-10-13 17:01:56" xmlns="http://microsoft.com/schemas/VisualStudio/TeamTest/2010">
  <Times creation="2022-10-13T17:01:56.8104290+04:00" queuing="2022-10-13T17:01:56.8104290+04:00" start="2022-10-13T17:01:55.4404640+04:00" finish="2022-10-13T17:01:56.8225850+04:00" />
  <TestSettings name="default" id="d3f249d0-d842-4f78-a94b-408d04d9adae">
    <Deployment runDeploymentRoot="_igors-MacBook-Pro_2022-10-13_17_01_56" />
  </TestSettings>
  <Results>
    <UnitTestResult executionId="0cd72fcc-2122-48c3-bd10-c5f6bff5288e" testId="a93f7fab-3abf-27d8-b664-d327bd1a8f94" testName="Tests.integration test" computerName="igors-MacBook-Pro" duration="00:00:00.0485154" startTime="2022-10-13T17:01:56.6780700+04:00" endTime="2022-10-13T17:01:56.6780820+04:00" testType="13cdc9d9-ddb5-4fa4-a97d-d965ccfc6d4b" outcome="Passed" testListId="8c84fa94-04c1-424b-9868-57a2d4851a1d" relativeResultsDirectory="0cd72fcc-2122-48c3-bd10-c5f6bff5288e" />
  </Results>
  <TestDefinitions>
    <UnitTest name="Tests.integration test" storage="/users/igor/projects/docker-bot/test/bin/debug/net6.0/test.dll" id="a93f7fab-3abf-27d8-b664-d327bd1a8f94">
      <Execution id="0cd72fcc-2122-48c3-bd10-c5f6bff5288e" />
      <TestMethod codeBase="/Users/igor/Projects/docker-bot/test/bin/Debug/net6.0/test.dll" adapterTypeName="executor://xunit/VsTestRunner2/netcoreapp" className="Tests" name="integration test" />
    </UnitTest>
  </TestDefinitions>
  <TestEntries>
    <TestEntry testId="a93f7fab-3abf-27d8-b664-d327bd1a8f94" executionId="0cd72fcc-2122-48c3-bd10-c5f6bff5288e" testListId="8c84fa94-04c1-424b-9868-57a2d4851a1d" />
  </TestEntries>
  <TestLists>
    <TestList name="Results Not in a List" id="8c84fa94-04c1-424b-9868-57a2d4851a1d" />
    <TestList name="All Loaded Results" id="19431567-8539-422a-85d7-44ee4e166bda" />
  </TestLists>
  <ResultSummary outcome="Completed">
    <Counters total="1" executed="1" passed="1" failed="0" error="0" timeout="0" aborted="0" inconclusive="0" passedButRunAborted="0" notRunnable="0" notExecuted="0" disconnected="0" warning="0" completed="0" inProgress="0" pending="0" />
    <Output>
      <StdOut>[xUnit.net 00:00:00.00] xUnit.net VSTest Adapter v2.4.3+1b45f5407b (64-bit .NET 6.0.9)
[xUnit.net 00:00:00.46]   Discovering: test
[xUnit.net 00:00:00.49]   Discovered:  test
[xUnit.net 00:00:00.50]   Starting:    test
[xUnit.net 00:00:00.59]   Finished:    test
</StdOut>
    </Output>
  </ResultSummary>
</TestRun>